projects/amazon-trend-analyzer/qb_chunks/page_178_skip178000.csv
ASIN Buyability Flag,asin_status,CVR%,revenue,asp,units,gv,Images #,Videos #,Has A+ Content,Buybox Winner,Average Rating,Number of Ratings,bb_price,Ad CTR%,Ad CVR%,bsr,brand,Ad CPC$,ASIN (Description),Update Type,Sold By Amazon,Has Coupon?,Has Store Link?,In Stock Today?,category,Sellable On Hand Units,asin,date,Ad Cost,Ad Sales,Ad Clicks,Ad Impressions,Ad Conversions
In Stock,ACTIVE,0.778,144.0,20.64,7.0,9.0,4.0,0.0,True,,4.6,13498.0,20.64,,,72.0,Glad,,"B08XZT496P (Glad - 10"" Square Paper Plates, 100ct - Green Victorian (English/French))",[],True,False,True,False,Disposable Tabletop,387.0,B08XZT496P,2026-04-08,0.0,0.0,0.0,0.0,0.0
In Stock,ACTIVE,1.625,266.0,20.48,13.0,8.0,4.0,0.0,True,,4.6,13498.0,20.82,,,65.0,Glad,,"B08XZT496P (Glad - 10"" Square Paper Plates, 100ct - Green Victorian (English/French))",[],True,False,True,False,Disposable Tabletop,392.0,B08XZT496P,2026-04-07,0.0,0.0,0.0,0.0,0.0
In Stock,ACTIVE,0.389,145.0,20.66,7.0,18.0,4.0,0.0,True,,4.6,13498.0,20.83,,,64.0,Glad,,"B08XZT496P (Glad - 10"" Square Paper Plates, 100ct - Green Victorian (English/French))",[],True,False,True,False,Disposable Tabletop,418.0,B08XZT496P,2026-04-06,0.0,0.0,0.0,0.0,0.0
In Stock,ACTIVE,2.0,206.0,20.58,10.0,5.0,4.0,0.0,True,,4.6,13499.0,20.64,,,79.0,Glad,,"B08XZT496P (Glad - 10"" Square Paper Plates, 100ct - Green Victorian (English/French))",[],True,False,True,False,Disposable Tabletop,399.0,B08XZT496P,2026-04-05,0.0,0.0,0.0,0.0,0.0
In Stock,ACTIVE,0.75,123.0,20.57,6.0,8.0,4.0,0.0,True,,4.6,13497.0,20.72,0.0,,98.0,Glad,,"B08XZT496P (Glad - 10"" Square Paper Plates, 100ct - Green Victorian (English/French))",[],True,False,True,False,Disposable Tabletop,406.0,B08XZT496P,2026-04-04,0.0,0.0,0.0,1.0,0.0
In Stock,ACTIVE,0.429,124.0,20.72,6.0,14.0,4.0,0.0,True,,4.6,13498.0,20.23,,,93.0,Glad,,"B08XZT496P (Glad - 10"" Square Paper Plates, 100ct - Green Victorian (English/French))",[],True,False,True,False,Disposable Tabletop,411.0,B08XZT496P,2026-04-03,0.0,0.0,0.0,0.0,0.0
In Stock,ACTIVE,1.0,282.0,20.14,14.0,14.0,4.0,0.0,True,,4.6,13498.0,20.23,,,92.0,Glad,,"B08XZT496P (Glad - 10"" Square Paper Plates, 100ct - Green Victorian (English/French))",[],True,False,True,False,Disposable Tabletop,424.0,B08XZT496P,2026-04-02,0.0,0.0,0.0,0.0,0.0
In Stock,ACTIVE,1.273,283.0,20.23,14.0,11.0,4.0,0.0,True,,4.6,13497.0,20.23,,,85.0,Glad,,"B08XZT496P (Glad - 10"" Square Paper Plates, 100ct - Green Victorian (English/French))",[],True,False,True,False,Disposable Tabletop,425.0,B08XZT496P,2026-04-01,0.0,0.0,0.0,0.0,0.0
In Stock,ACTIVE,0.8,162.0,20.23,8.0,10.0,4.0,0.0,True,,4.6,13497.0,20.23,,,86.0,Glad,,"B08XZT496P (Glad - 10"" Square Paper Plates, 100ct - Green Victorian (English/French))",[],True,False,True,False,Disposable Tabletop,450.0,B08XZT496P,2026-03-31,0.0,0.0,0.0,0.0,0.0
In Stock,ACTIVE,0.5,181.0,20.15,9.0,18.0,4.0,0.0,True,,4.6,13496.0,20.23,,,85.0,Glad,,"B08XZT496P (Glad - 10"" Square Paper Plates, 100ct - Green Victorian (English/French))",[],True,False,True,False,Disposable Tabletop,477.0,B08XZT496P,2026-03-30,0.0,0.0,0.0,0.0,0.0
In Stock,ACTIVE,0.875,283.0,20.23,14.0,16.0,4.0,0.0,True,,4.6,13496.0,22.34,,,80.0,Glad,,"B08XZT496P (Glad - 10"" Square Paper Plates, 100ct - Green Victorian (English/French))",[],True,False,True,False,Disposable Tabletop,441.0,B08XZT496P,2026-03-29,0.0,0.0,0.0,0.0,0.0
In Stock,ACTIVE,0.357,112.0,22.31,5.0,14.0,4.0,0.0,True,,4.6,13496.0,22.31,,,83.0,Glad,,"B08XZT496P (Glad - 10"" Square Paper Plates, 100ct - Green Victorian (English/French))",[],True,False,True,False,Disposable Tabletop,428.0,B08XZT496P,2026-03-28,0.0,0.0,0.0,0.0,0.0
In Stock,ACTIVE,0.5,111.0,22.26,5.0,10.0,4.0,0.0,True,,4.6,13496.0,22.44,,,91.0,Glad,,"B08XZT496P (Glad - 10"" Square Paper Plates, 100ct - Green Victorian (English/French))",[],True,False,True,False,Disposable Tabletop,410.0,B08XZT496P,2026-03-27,0.0,0.0,0.0,0.0,0.0
In Stock,ACTIVE,0.9,202.0,22.42,9.0,10.0,4.0,0.0,True,,4.6,13495.0,19.32,,,86.0,Glad,,"B08XZT496P (Glad - 10"" Square Paper Plates, 100ct - Green Victorian (English/French))",[],True,False,True,False,Disposable Tabletop,401.0,B08XZT496P,2026-03-26,0.0,0.0,0.0,0.0,0.0
In Stock,ACTIVE,0.6920000000000001,201.0,22.36,9.0,13.0,4.0,0.0,True,,4.6,13497.0,22.6,,,84.0,Glad,,"B08XZT496P (Glad - 10"" Square Paper Plates, 100ct - Green Victorian (English/French))",[],True,False,True,False,Disposable Tabletop,392.0,B08XZT496P,2026-03-25,0.0,0.0,0.0,0.0,0.0
In Stock,ACTIVE,0.304,160.0,22.82,7.0,23.0,4.0,0.0,True,,4.6,13497.0,22.6,,,79.0,Glad,,"B08XZT496P (Glad - 10"" Square Paper Plates, 100ct - Green Victorian (English/French))",[],True,False,True,False,Disposable Tabletop,394.0,B08XZT496P,2026-03-24,0.0,0.0,0.0,0.0,0.0
In Stock,ACTIVE,0.909,226.0,22.56,10.0,11.0,4.0,0.0,True,,4.6,13497.0,22.62,,,96.0,Glad,,"B08XZT496P (Glad - 10"" Square Paper Plates, 100ct - Green Victorian (English/French))",[],True,False,True,False,Disposable Tabletop,377.0,B08XZT496P,2026-03-23,0.0,0.0,0.0,0.0,0.0
In Stock,ACTIVE,0.353,135.0,22.57,6.0,17.0,4.0,0.0,True,,4.6,13497.0,22.65,,,109.0,Glad,,"B08XZT496P (Glad - 10"" Square Paper Plates, 100ct - Green Victorian (English/French))",[],True,False,True,False,Disposable Tabletop,384.0,B08XZT496P,2026-03-22,0.0,0.0,0.0,0.0,0.0
In Stock,ACTIVE,0.263,112.0,22.41,5.0,19.0,4.0,0.0,True,,4.6,13495.0,22.67,,,107.0,Glad,,"B08XZT496P (Glad - 10"" Square Paper Plates, 100ct - Green Victorian (English/French))",[],True,False,True,False,Disposable Tabletop,414.0,B08XZT496P,2026-03-21,0.0,0.0,0.0,0.0,0.0
In Stock,ACTIVE,0.455,113.0,22.6,5.0,11.0,4.0,0.0,True,,4.6,13495.0,22.65,,,104.0,Glad,,"B08XZT496P (Glad - 10"" Square Paper Plates, 100ct - Green Victorian (English/French))",[],True,False,True,False,Disposable Tabletop,378.0,B08XZT496P,2026-03-20,0.0,0.0,0.0,0.0,0.0
In Stock,ACTIVE,0.909,235.0,23.5,10.0,11.0,4.0,0.0,True,,4.6,13495.0,22.53,,,96.0,Glad,,"B08XZT496P (Glad - 10"" Square Paper Plates, 100ct - Green Victorian (English/French))",[],True,False,True,False,Disposable Tabletop,393.0,B08XZT496P,2026-03-19,0.0,0.0,0.0,0.0,0.0
In Stock,ACTIVE,1.0,112.0,22.31,5.0,5.0,4.0,0.0,True,,4.6,13494.0,22.4,,,94.0,Glad,,"B08XZT496P (Glad - 10"" Square Paper Plates, 100ct - Green Victorian (English/French))",[],True,False,True,False,Disposable Tabletop,328.0,B08XZT496P,2026-03-18,0.0,0.0,0.0,0.0,0.0
In Stock,ACTIVE,0.818,201.0,22.38,9.0,11.0,4.0,0.0,True,,4.6,13495.0,22.44,,,80.0,Glad,,"B08XZT496P (Glad - 10"" Square Paper Plates, 100ct - Green Victorian (English/French))",[],True,False,True,False,Disposable Tabletop,337.0,B08XZT496P,2026-03-17,,,,,
In Stock,ACTIVE,0.375,136.0,22.73,6.0,16.0,4.0,0.0,True,,4.6,13495.0,22.41,,,77.0,Glad,,"B08XZT496P (Glad - 10"" Square Paper Plates, 100ct - Green Victorian (English/French))",[],True,False,True,False,Disposable Tabletop,327.0,B08XZT496P,2026-03-16,,,,,
In Stock,ACTIVE,1.0,241.0,21.91,11.0,11.0,4.0,0.0,True,,4.6,13495.0,22.37,,,88.0,Glad,,"B08XZT496P (Glad - 10"" Square Paper Plates, 100ct - Green Victorian (English/French))",[],True,False,True,False,Disposable Tabletop,334.0,B08XZT496P,2026-03-15,,,,,
In Stock,ACTIVE,0.583,157.0,22.36,7.0,12.0,4.0,0.0,True,,4.6,13496.0,22.34,,,90.0,Glad,,"B08XZT496P (Glad - 10"" Square Paper Plates, 100ct - Green Victorian (English/French))",[],True,False,True,False,Disposable Tabletop,336.0,B08XZT496P,2026-03-14,,,,,
In Stock,ACTIVE,0.889,178.0,22.27,8.0,9.0,4.0,0.0,True,,4.6,13496.0,22.28,,,80.0,Glad,,"B08XZT496P (Glad - 10"" Square Paper Plates, 100ct - Green Victorian (English/French))",[],True,False,True,False,Disposable Tabletop,352.0,B08XZT496P,2026-03-13,,,,,
In Stock,ACTIVE,0.278,102.0,20.4,5.0,18.0,4.0,0.0,True,,4.6,13497.0,22.19,,,82.0,Glad,,"B08XZT496P (Glad - 10"" Square Paper Plates, 100ct - Green Victorian (English/French))",[],True,False,True,False,Disposable Tabletop,350.0,B08XZT496P,2026-03-12,,,,,
In Stock,ACTIVE,0.313,106.0,21.17,5.0,16.0,4.0,0.0,True,,4.6,13497.0,22.16,,,78.0,Glad,,"B08XZT496P (Glad - 10"" Square Paper Plates, 100ct - Green Victorian (English/French))",[],True,False,True,False,Disposable Tabletop,346.0,B08XZT496P,2026-03-11,,,,,
In Stock,ACTIVE,0.353,129.0,21.49,6.0,17.0,4.0,0.0,True,,4.6,13497.0,22.29,,,66.0,Glad,,"B08XZT496P (Glad - 10"" Square Paper Plates, 100ct - Green Victorian (English/French))",[],True,False,True,False,Disposable Tabletop,343.0,B08XZT496P,2026-03-10,,,,,
In Stock,ACTIVE,0.8,259.0,21.55,12.0,15.0,4.0,0.0,True,,4.6,13498.0,22.4,,,77.0,Glad,,"B08XZT496P (Glad - 10"" Square Paper Plates, 100ct - Green Victorian (English/French))",[],True,False,True,False,Disposable Tabletop,355.0,B08XZT496P,2026-03-09,,,,,
In Stock,ACTIVE,0.8240000000000001,296.0,21.15,14.0,17.0,4.0,0.0,True,,4.6,13499.0,17.38,,,90.0,Glad,,"B08XZT496P (Glad - 10"" Square Paper Plates, 100ct - Green Victorian (English/French))",[],True,False,True,False,Disposable Tabletop,364.0,B08XZT496P,2026-03-08,,,,,
In Stock,ACTIVE,0.8,139.0,17.38,8.0,10.0,4.0,0.0,True,,4.6,13499.0,17.38,,,78.0,Glad,,"B08XZT496P (Glad - 10"" Square Paper Plates, 100ct - Green Victorian (English/French))",[],True,False,True,False,Disposable Tabletop,377.0,B08XZT496P,2026-03-07,,,,,
In Stock,ACTIVE,0.722,230.0,17.71,13.0,18.0,4.0,0.0,True,,4.6,13499.0,17.56,,,77.0,Glad,,"B08XZT496P (Glad - 10"" Square Paper Plates, 100ct - Green Victorian (English/French))",[],True,False,True,False,Disposable Tabletop,375.0,B08XZT496P,2026-03-06,,,,,
In Stock,ACTIVE,1.333,212.0,17.63,12.0,9.0,4.0,0.0,True,,4.6,13498.0,17.63,,,72.0,Glad,,"B08XZT496P (Glad - 10"" Square Paper Plates, 100ct - Green Victorian (English/French))",[],True,False,True,False,Disposable Tabletop,374.0,B08XZT496P,2026-03-05,,,,,
In Stock,ACTIVE,0.4379999999999999,123.0,17.62,7.0,16.0,4.0,0.0,True,,4.6,13498.0,17.62,,,82.0,Glad,,"B08XZT496P (Glad - 10"" Square Paper Plates, 100ct - Green Victorian (English/French))",[],True,False,True,False,Disposable Tabletop,369.0,B08XZT496P,2026-03-04,,,,,
In Stock,ACTIVE,0.875,246.0,17.56,14.0,16.0,4.0,0.0,True,,4.6,13497.0,17.6,,,75.0,Glad,,"B08XZT496P (Glad - 10"" Square Paper Plates, 100ct - Green Victorian (English/French))",[],True,False,True,False,Disposable Tabletop,387.0,B08XZT496P,2026-03-03,,,,,
In Stock,ACTIVE,1.154,269.0,17.96,15.0,13.0,4.0,0.0,True,,4.6,13497.0,18.15,,,82.0,Glad,,"B08XZT496P (Glad - 10"" Square Paper Plates, 100ct - Green Victorian (English/French))",[],True,False,True,False,Disposable Tabletop,381.0,B08XZT496P,2026-03-02,,,,,
In Stock,ACTIVE,0.588,181.0,18.14,10.0,17.0,4.0,0.0,True,,4.6,13497.0,18.14,,,80.0,Glad,,"B08XZT496P (Glad - 10"" Square Paper Plates, 100ct - Green Victorian (English/French))",[],True,False,True,False,Disposable Tabletop,395.0,B08XZT496P,2026-03-01,,,,,
In Stock,ACTIVE,0.583,127.0,18.15,7.0,12.0,4.0,0.0,True,,4.6,13495.0,18.15,,,86.0,Glad,,"B08XZT496P (Glad - 10"" Square Paper Plates, 100ct - Green Victorian (English/French))",[],True,False,True,False,Disposable Tabletop,419.0,B08XZT496P,2026-02-28,,,,,
In Stock,ACTIVE,1.111,181.0,18.15,10.0,9.0,4.0,0.0,True,,4.6,13495.0,18.09,,,84.0,Glad,,"B08XZT496P (Glad - 10"" Square Paper Plates, 100ct - Green Victorian (English/French))",[],True,False,True,False,Disposable Tabletop,395.0,B08XZT496P,2026-02-27,,,,,
In Stock,ACTIVE,0.25,109.0,18.1,6.0,24.0,4.0,0.0,True,,4.6,13496.0,18.09,,,67.0,Glad,,"B08XZT496P (Glad - 10"" Square Paper Plates, 100ct - Green Victorian (English/French))",[],True,False,True,False,Disposable Tabletop,417.0,B08XZT496P,2026-02-26,,,,,
In Stock,ACTIVE,0.7,126.0,17.96,7.0,10.0,4.0,0.0,True,,4.6,13496.0,18.14,,,67.0,Glad,,"B08XZT496P (Glad - 10"" Square Paper Plates, 100ct - Green Victorian (English/French))",[],True,False,True,False,Disposable Tabletop,408.0,B08XZT496P,2026-02-25,,,,,
In Stock,ACTIVE,0.647,200.0,18.16,11.0,17.0,4.0,0.0,True,,4.6,13496.0,18.17,,,58.0,Glad,,"B08XZT496P (Glad - 10"" Square Paper Plates, 100ct - Green Victorian (English/French))",[],True,False,True,False,Disposable Tabletop,405.0,B08XZT496P,2026-02-24,,,,,
In Stock,ACTIVE,0.7859999999999999,199.0,18.07,11.0,14.0,4.0,0.0,True,,4.6,13496.0,18.19,,,67.0,Glad,,"B08XZT496P (Glad - 10"" Square Paper Plates, 100ct - Green Victorian (English/French))",[],True,False,True,False,Disposable Tabletop,403.0,B08XZT496P,2026-02-23,,,,,
In Stock,ACTIVE,0.357,90.0,17.91,5.0,14.0,4.0,0.0,True,,4.6,13497.0,18.17,,,76.0,Glad,,"B08XZT496P (Glad - 10"" Square Paper Plates, 100ct - Green Victorian (English/French))",[],True,False,True,False,Disposable Tabletop,407.0,B08XZT496P,2026-02-22,,,,,
In Stock,ACTIVE,0.429,108.0,17.93,6.0,14.0,4.0,0.0,True,,4.6,13498.0,18.14,,,79.0,Glad,,"B08XZT496P (Glad - 10"" Square Paper Plates, 100ct - Green Victorian (English/French))",[],True,False,True,False,Disposable Tabletop,415.0,B08XZT496P,2026-02-21,,,,,
In Stock,ACTIVE,0.813,232.0,17.88,13.0,16.0,4.0,0.0,True,,4.6,14480.0,19.44,,,71.0,Glad,,"B08XZT496P (Glad - 10"" Square Paper Plates, 100ct - Green Victorian (English/French))",[],True,False,True,False,Disposable Tabletop,426.0,B08XZT496P,2026-02-20,,,,,
In Stock,ACTIVE,1.222,206.0,18.75,11.0,9.0,4.0,0.0,True,,4.6,14480.0,19.44,,,61.0,Glad,,"B08XZT496P (Glad - 10"" Square Paper Plates, 100ct - Green Victorian (English/French))",[],True,False,True,False,Disposable Tabletop,399.0,B08XZT496P,2026-02-19,,,,,
In Stock,ACTIVE,1.167,133.0,19.02,7.0,6.0,4.0,0.0,True,,4.6,14480.0,19.44,,,50.0,Glad,,"B08XZT496P (Glad - 10"" Square Paper Plates, 100ct - Green Victorian (English/French))",[],True,False,True,False,Disposable Tabletop,423.0,B08XZT496P,2026-02-18,,,,,
In Stock,ACTIVE,1.333,158.0,19.73,8.0,6.0,4.0,0.0,True,,4.6,14480.0,19.44,,,46.0,Glad,,"B08XZT496P (Glad - 10"" Square Paper Plates, 100ct - Green Victorian (English/French))",[],True,False,True,False,Disposable Tabletop,406.0,B08XZT496P,2026-02-17,,,,,
In Stock,ACTIVE,1.176,389.0,19.44,20.0,17.0,4.0,0.0,True,,4.6,14480.0,19.44,,,49.0,Glad,,"B08XZT496P (Glad - 10"" Square Paper Plates, 100ct - Green Victorian (English/French))",[],True,False,True,False,Disposable Tabletop,382.0,B08XZT496P,2026-02-16,,,,,
In Stock,ACTIVE,0.421,135.0,16.87,8.0,19.0,4.0,0.0,True,,4.6,14480.0,16.87,,,57.0,Glad,,"B08XZT496P (Glad - 10"" Square Paper Plates, 100ct - Green Victorian (English/French))",[],True,False,True,False,Disposable Tabletop,411.0,B08XZT496P,2026-02-15,,,,,
In Stock,ACTIVE,1.111,169.0,16.87,10.0,9.0,4.0,0.0,True,,4.6,14480.0,16.88,,,70.0,Glad,,"B08XZT496P (Glad - 10"" Square Paper Plates, 100ct - Green Victorian (English/French))",[],True,False,True,False,Disposable Tabletop,421.0,B08XZT496P,2026-02-14,,,,,
In Stock,ACTIVE,0.727,133.0,16.68,8.0,11.0,4.0,0.0,True,,4.6,14480.0,16.88,,,60.0,Glad,,"B08XZT496P (Glad - 10"" Square Paper Plates, 100ct - Green Victorian (English/French))",[],True,False,True,False,Disposable Tabletop,403.0,B08XZT496P,2026-02-13,,,,,
In Stock,ACTIVE,0.917,198.0,18.02,11.0,12.0,4.0,0.0,True,,4.6,14480.0,19.42,,,74.0,Glad,,"B08XZT496P (Glad - 10"" Square Paper Plates, 100ct - Green Victorian (English/French))",[],True,False,True,False,Disposable Tabletop,427.0,B08XZT496P,2026-02-12,,,,,
In Stock,ACTIVE,1.833,214.0,19.42,11.0,6.0,4.0,0.0,True,,4.6,14479.0,19.42,,,66.0,Glad,,"B08XZT496P (Glad - 10"" Square Paper Plates, 100ct - Green Victorian (English/French))",[],True,False,True,False,Disposable Tabletop,423.0,B08XZT496P,2026-02-11,,,,,
In Stock,ACTIVE,0.706,233.0,19.42,12.0,17.0,4.0,0.0,True,,4.6,14479.0,19.42,,,55.0,Glad,,"B08XZT496P (Glad - 10"" Square Paper Plates, 100ct - Green Victorian (English/French))",[],True,False,True,False,Disposable Tabletop,420.0,B08XZT496P,2026-02-10,,,,,
In Stock,ACTIVE,0.133,40.0,20.22,2.0,15.0,4.0,0.0,True,,4.6,15037.0,16.56,0.0007132667617689016,0.0,45.0,Glad,5.86,"B08XZT496P (Glad - 10"" Square Paper Plates, 100ct - Green Victorian (English/French))",[],True,False,True,False,Disposable Tabletop,222.0,B08XZT496P,2026-01-13,11.72,0.0,2.0,2804.0,0.0
In Stock,ACTIVE,0.917,181.0,16.45,11.0,12.0,4.0,0.0,True,,4.6,15037.0,16.56,0.0008648025367541078,0.0,46.0,Glad,5.956666666666667,"B08XZT496P (Glad - 10"" Square Paper Plates, 100ct - Green Victorian (English/French))",[],True,False,True,False,Disposable Tabletop,203.0,B08XZT496P,2026-01-12,17.87,0.0,3.0,3469.0,0.0
In Stock,ACTIVE,0.667,265.0,16.57,16.0,24.0,4.0,0.0,True,,4.6,15037.0,16.54,0.002171081198436822,0.2,46.0,Glad,5.348,"B08XZT496P (Glad - 10"" Square Paper Plates, 100ct - Green Victorian (English/French))",[],True,False,True,False,Disposable Tabletop,248.0,B08XZT496P,2026-01-11,26.74,16.56,5.0,2303.0,1.0
In Stock,ACTIVE,1.0,182.0,16.54,11.0,11.0,4.0,0.0,True,,4.6,15036.0,16.54,0.002707581227436823,0.3333333333333333,55.0,Glad,7.223333333333334,"B08XZT496P (Glad - 10"" Square Paper Plates, 100ct - Green Victorian (English/French))",[],True,False,True,False,Disposable Tabletop,180.0,B08XZT496P,2026-01-10,21.67,20.66,3.0,1108.0,1.0
In Stock,ACTIVE,0.9129999999999999,347.0,16.54,21.0,23.0,4.0,0.0,True,,4.6,15036.0,16.4,0.00335195530726257,0.5,59.0,Glad,8.001666666666667,"B08XZT496P (Glad - 10"" Square Paper Plates, 100ct - Green Victorian (English/French))",[],True,False,True,False,Disposable Tabletop,189.0,B08XZT496P,2026-01-09,48.01,35.14,6.0,1790.0,3.0
In Stock,ACTIVE,0.423,208.0,18.92,11.0,26.0,5.0,0.0,True,,4.6,15034.0,23.59,0.0007780082987551867,0.0,54.0,Glad,4.149999999999999,"B08XZT496P (Glad - 10"" Square Paper Plates, 100ct - Green Victorian (English/French))",[],True,False,True,False,Disposable Tabletop,184.0,B08XZT496P,2026-01-08,12.45,0.0,3.0,3856.0,0.0
In Stock,ACTIVE,0.75,124.0,20.63,6.0,8.0,5.0,0.0,True,,4.6,15034.0,23.59,0.001834862385321101,0.0,55.0,Glad,5.15,"B08XZT496P (Glad - 10"" Square Paper Plates, 100ct - Green Victorian (English/French))",[],True,False,True,False,Disposable Tabletop,200.0,B08XZT496P,2026-01-07,10.3,0.0,2.0,1090.0,0.0
